// Jest Snapshot v1, https://goo.gl/fbAQLP

exports[`<Footer/> renders the <Footer/> with populated data 1`] = `
<div
  class="footer__Container-sc-da5xd2-0 ktIPBV"
>
  <p
    class="footer__Title-sc-da5xd2-3 hcENmm"
  >
    Questions? Contact us.
  </p>
  <br
    class="footer__Break-sc-da5xd2-4"
  />
  <div
    class="footer__Row-sc-da5xd2-2 fAkLIJ"
  >
    <div
      class="footer__Column-sc-da5xd2-1 ZWizo"
    >
      <a
        class="footer__Link-sc-da5xd2-5 gUkoSf"
        href="#"
      >
        FAQ
      </a>
      <a
        class="footer__Link-sc-da5xd2-5 gUkoSf"
        href="#"
      >
        Investor Relations
      </a>
      <a
        class="footer__Link-sc-da5xd2-5 gUkoSf"
        href="#"
      >
        Ways to Watch
      </a>
      <a
        class="footer__Link-sc-da5xd2-5 gUkoSf"
        href="#"
      >
        Corporate Information
      </a>
      <a
        class="footer__Link-sc-da5xd2-5 gUkoSf"
        href="#"
      >
        Netflix Originals
      </a>
    </div>
    <div
      class="footer__Column-sc-da5xd2-1 ZWizo"
    >
      <a
        class="footer__Link-sc-da5xd2-5 gUkoSf"
        href="#"
      >
        Help Center
      </a>
      <a
        class="footer__Link-sc-da5xd2-5 gUkoSf"
        href="#"
      >
        Jobs
      </a>
      <a
        class="footer__Link-sc-da5xd2-5 gUkoSf"
        href="#"
      >
        Terms of Use
      </a>
      <a
        class="footer__Link-sc-da5xd2-5 gUkoSf"
        href="#"
      >
        Contact Us
      </a>
      <a
        class="footer__Link-sc-da5xd2-5 gUkoSf"
        href="#"
      >
        Netflix Originals
      </a>
    </div>
    <div
      class="footer__Column-sc-da5xd2-1 ZWizo"
    >
      <a
        class="footer__Link-sc-da5xd2-5 gUkoSf"
        href="#"
      >
        Account
      </a>
      <a
        class="footer__Link-sc-da5xd2-5 gUkoSf"
        href="#"
      >
        Redeem
      </a>
      <a
        class="footer__Link-sc-da5xd2-5 gUkoSf"
        href="#"
      >
        Privacy
      </a>
      <a
        class="footer__Link-sc-da5xd2-5 gUkoSf"
        href="#"
      >
        Speed Test
      </a>
    </div>
    <div
      class="footer__Column-sc-da5xd2-1 ZWizo"
    >
      <a
        class="footer__Link-sc-da5xd2-5 gUkoSf"
        href="#"
      >
        Media Centre
      </a>
      <a
        class="footer__Link-sc-da5xd2-5 gUkoSf"
        href="#"
      >
        Buy Gift Cards
      </a>
      <a
        class="footer__Link-sc-da5xd2-5 gUkoSf"
        href="#"
      >
        Cookie Prefrences
      </a>
      <a
        class="footer__Link-sc-da5xd2-5 gUkoSf"
        href="#"
      >
        Legal Notices
      </a>
    </div>
  </div>
  <br
    class="footer__Break-sc-da5xd2-4"
  />
  <p
    class="footer__Text-sc-da5xd2-6 bkPzoO"
  >
    Netflix United States
  </p>
</div>
`;
